
jesus@DESKTOP-L0K8265 MINGW64 ~ (main)
$ vi .git/config

[1]+  Stopped                 vi .git/config

jesus@DESKTOP-L0K8265 MINGW64 ~ (main)
$ git remore add origin git@github.com:JesusFAvila/prueba-repositorio-git.git
git: 'remore' is not a git command. See 'git --help'.

The most similar command is
        remote

jesus@DESKTOP-L0K8265 MINGW64 ~ (main)
$ git remote add origin git@github.com:JesusFAvila/prueba-repositorio-git.git
error: remote origin already exists.

jesus@DESKTOP-L0K8265 MINGW64 ~ (main)
$ git push -u origin main
error: src refspec main does not match any
error: failed to push some refs to 'https://github.com/JesusFAvila/prueba-repositorio-git.git'

jesus@DESKTOP-L0K8265 MINGW64 ~ (main)
$ ^C

jesus@DESKTOP-L0K8265 MINGW64 ~ (main)
$ git push origin main
error: src refspec main does not match any
error: failed to push some refs to 'https://github.com/JesusFAvila/prueba-repositorio-git.git'

jesus@DESKTOP-L0K8265 MINGW64 ~ (main)
$ git push origin main main
error: src refspec main does not match any
error: src refspec main does not match any
error: failed to push some refs to 'https://github.com/JesusFAvila/prueba-repositorio-git.git'

jesus@DESKTOP-L0K8265 MINGW64 ~ (main)
$ git commit -m "feat:Create index.html"
warning: could not open directory 'Configuración local/': Permission denied
warning: could not open directory 'Cookies/': Permission denied
warning: could not open directory 'Datos de programa/': Permission denied
warning: could not open directory 'Documents/Mi música/': Permission denied
warning: could not open directory 'Documents/Mis imágenes/': Permission denied
warning: could not open directory 'Documents/Mis vídeos/': Permission denied
warning: could not open directory 'Entorno de red/': Permission denied
warning: could not open directory 'Impresoras/': Permission denied
warning: could not open directory 'Menú Inicio/': Permission denied
warning: could not open directory 'Mis documentos/': Permission denied
warning: could not open directory 'Plantillas/': Permission denied
warning: could not open directory 'Reciente/': Permission denied
warning: could not open directory 'SendTo/': Permission denied
On branch main

Initial commit

Untracked files:
  (use "git add <file>..." to include in what will be committed)
        .afirma/
        .afirmaJA/
        .bash_history
        .cache/
        .fnmt/
        .gitconfig
        .gnupg/
        .jdks/
        .lesshst
        .tabnine/
        .viminfo
        .vscode/
        3D Objects/
        AppData/
        Contacts/
        Downloads/
        Favorites/
        IdeaProjects/
        Links/
        Music/
        NTUSER.DAT
        NTUSER.DAT{53b39e88-18c4-11ea-a811-000d3aa4692b}.TM.blf
        NTUSER.DAT{53b39e88-18c4-11ea-a811-000d3aa4692b}.TMContainer00000000000000000001.regtrans-ms
        NTUSER.DAT{53b39e88-18c4-11ea-a811-000d3aa4692b}.TMContainer00000000000000000002.regtrans-ms
        OneDrive/
        Pictures/
        Saved Games/
        Searches/
        T2/
        Videos/
        ntuser.dat.LOG1
        ntuser.dat.LOG2
        ntuser.ini

nothing added to commit but untracked files present (use "git add" to track)

jesus@DESKTOP-L0K8265 MINGW64 ~ (main)
$ ls
'3D Objects'/
 AppData/
'Configuración local'@
 Contacts/
 Cookies@
'Datos de programa'@
 Documents/
 Downloads/
'Entorno de red'@
 Favorites/
 IdeaProjects/
 Impresoras@
 Links/
'Menú Inicio'@
'Mis documentos'@
 Music/
 NTUSER.DAT
 NTUSER.DAT{53b39e88-18c4-11ea-a811-000d3aa4692b}.TM.blf
 NTUSER.DAT{53b39e88-18c4-11ea-a811-000d3aa4692b}.TMContainer00000000000000000001.regtrans-ms
 NTUSER.DAT{53b39e88-18c4-11ea-a811-000d3aa4692b}.TMContainer00000000000000000002.regtrans-ms
 OneDrive/
 Pictures/
 Plantillas@
 Reciente@
'Saved Games'/
 Searches/
 SendTo@
 T2/
 Videos/
 ntuser.dat.LOG1
 ntuser.dat.LOG2
 ntuser.ini

jesus@DESKTOP-L0K8265 MINGW64 ~ (main)
$ git clone https://github.com/JesusFAvila/prueba-repositorio-git
Cloning into 'prueba-repositorio-git'...
warning: You appear to have cloned an empty repository.

jesus@DESKTOP-L0K8265 MINGW64 ~ (main)
$ cd prueba-repositorio-git

jesus@DESKTOP-L0K8265 MINGW64 ~/prueba-repositorio-git (main)
$ ls

jesus@DESKTOP-L0K8265 MINGW64 ~/prueba-repositorio-git (main)
$ cat .git/config
[core]
        repositoryformatversion = 0
        filemode = false
        bare = false
        logallrefupdates = true
        symlinks = false
        ignorecase = true
[remote "origin"]
        url = https://github.com/JesusFAvila/prueba-repositorio-git
        fetch = +refs/heads/*:refs/remotes/origin/*
[branch "main"]
        remote = origin
        merge = refs/heads/main

jesus@DESKTOP-L0K8265 MINGW64 ~/prueba-repositorio-git (main)
$ git commit -m "first commit"
On branch main

Initial commit

nothing to commit (create/copy files and use "git add" to track)

jesus@DESKTOP-L0K8265 MINGW64 ~/prueba-repositorio-git (main)
$ git commit -m "first commit"
On branch main

Initial commit

Untracked files:
  (use "git add <file>..." to include in what will be committed)
        java.txt
        prueba.txt
        python/

nothing added to commit but untracked files present (use "git add" to track)

jesus@DESKTOP-L0K8265 MINGW64 ~/prueba-repositorio-git (main)
$ git add java.txt

jesus@DESKTOP-L0K8265 MINGW64 ~/prueba-repositorio-git (main)
$ git add prueba.txt

jesus@DESKTOP-L0K8265 MINGW64 ~/prueba-repositorio-git (main)
$ git add python/pythontxt
fatal: pathspec 'python/pythontxt' did not match any files

jesus@DESKTOP-L0K8265 MINGW64 ~/prueba-repositorio-git (main)
$ git add python/

jesus@DESKTOP-L0K8265 MINGW64 ~/prueba-repositorio-git (main)
$ git commit -m "first commit"
[main (root-commit) 311d9bf] first commit
 3 files changed, 0 insertions(+), 0 deletions(-)
 create mode 100644 java.txt
 create mode 100644 prueba.txt
 create mode 100644 python/pythontxt.txt

jesus@DESKTOP-L0K8265 MINGW64 ~/prueba-repositorio-git (main)
$ git branch -M main

jesus@DESKTOP-L0K8265 MINGW64 ~/prueba-repositorio-git (main)
$ git remote add origin https://github.com/JesusFAvila/prueba-repositorio-git.git
error: remote origin already exists.

jesus@DESKTOP-L0K8265 MINGW64 ~/prueba-repositorio-git (main)
$ git push  -u origin main
Enumerating objects: 4, done.
Counting objects: 100% (4/4), done.
Delta compression using up to 4 threads
Compressing objects: 100% (2/2), done.
Writing objects: 100% (4/4), 316 bytes | 158.00 KiB/s, done.
Total 4 (delta 0), reused 0 (delta 0), pack-reused 0
To https://github.com/JesusFAvila/prueba-repositorio-git
 * [new branch]      main -> main
branch 'main' set up to track 'origin/main'.

jesus@DESKTOP-L0K8265 MINGW64 ~/prueba-repositorio-git (main)
$ git commit -m "commit python"
On branch main
Your branch is up to date with 'origin/main'.

Changes not staged for commit:
  (use "git add <file>..." to update what will be committed)
  (use "git restore <file>..." to discard changes in working directory)
        modified:   python/pythontxt.txt

no changes added to commit (use "git add" and/or "git commit -a")

jesus@DESKTOP-L0K8265 MINGW64 ~/prueba-repositorio-git (main)
$ git push  -u origin main
Everything up-to-date
branch 'main' set up to track 'origin/main'.

jesus@DESKTOP-L0K8265 MINGW64 ~/prueba-repositorio-git (main)
$ git add python/pythontxt.txt

jesus@DESKTOP-L0K8265 MINGW64 ~/prueba-repositorio-git (main)
$ git commit -m "commit python"
[main 01a12cc] commit python
 1 file changed, 1 insertion(+)

jesus@DESKTOP-L0K8265 MINGW64 ~/prueba-repositorio-git (main)
$ git push  -u origin main
Enumerating objects: 7, done.
Counting objects: 100% (7/7), done.
Delta compression using up to 4 threads
Compressing objects: 100% (2/2), done.
Writing objects: 100% (4/4), 333 bytes | 333.00 KiB/s, done.
Total 4 (delta 1), reused 0 (delta 0), pack-reused 0
remote: Resolving deltas: 100% (1/1), completed with 1 local object.
To https://github.com/JesusFAvila/prueba-repositorio-git
   311d9bf..01a12cc  main -> main
branch 'main' set up to track 'origin/main'.

jesus@DESKTOP-L0K8265 MINGW64 ~/prueba-repositorio-git (main)
$
